// Jest Snapshot v1, https://jestjs.io/docs/snapshot-testing

exports[`Product List renders correctly 1`] = `
<div
  backgroundcolor="white"
  class="styled__StyledBox-sc-sj5f1m-0 ddSRVB styled__StyledPanel-sc-1h6ef3q-0 MEBDG"
  id="products"
  marginbottom="medium"
  padding="[object Object]"
  shadow="raised"
>
  <div
    class="styled__StyledBox-sc-sj5f1m-0 fNKWmL"
    margintop="medium"
  >
    <div
      alignitems="center"
      aria-controls="_r_0_"
      aria-label="Table Controls"
      class="styled__StyledFlex-sc-yxkzj0-0 bGzBCH"
      flexdirection="row"
      justifycontent="stretch"
      role="toolbar"
    >
      <div
        alignself="auto"
        class="styled__StyledBox-sc-sj5f1m-0 fEAIYw styled__StyledFlexItem-sc-smjqtt-0 dKZFHf"
        flexbasis="auto"
        flexgrow="0"
        flexorder="0"
        flexshrink="0"
        marginright="medium"
      >
        <p
          class="styled__StyledText-sc-tqnj75-5 bFVZsE"
          margin="none"
        >
          5 Products
        </p>
      </div>
      <div
        alignself="auto"
        class="styled__StyledBox-sc-sj5f1m-0 gMCsUp styled__StyledFlexItem-sc-smjqtt-0 dKZFHf styled__StyledPaginationContainer-sc-1w0s9nk-0 cDcXTf"
        flexbasis="auto"
        flexgrow="0"
        flexorder="0"
        flexshrink="0"
      >
        <div
          aligncontent="stretch"
          alignitems="stretch"
          aria-label="pagination"
          class="styled__StyledBox-sc-sj5f1m-0 gMCsUp styled__StyledFlex-sc-hcvk8l-0 gkOdFb"
          flexdirection="row"
          flexwrap="nowrap"
          justifycontent="flex-start"
          role="navigation"
        >
          <div
            alignself="auto"
            class="styled__StyledBox-sc-sj5f1m-0 gMCsUp styled__StyledFlexItem-sc-smjqtt-0 clMBje"
            flexbasis="auto"
            flexgrow="0"
            flexorder="0"
            flexshrink="1"
          >
            <div
              class="styled__StyledBox-sc-sj5f1m-0 gMCsUp styled__StyledBox-sc-2535c9-0 iMGovl"
            >
              <button
                actiontype="normal"
                aria-activedescendant=""
                aria-controls="_r_1_-menu"
                aria-expanded="false"
                aria-haspopup="menu"
                class="styled__StyledButton-sc-3yq204-0 gOrzvv styled__StyledButton-sc-ojm0si-0 iRUxzA"
                iconright="[object Object]"
                id="_r_1_-toggle-button"
                mobilewidth="100%"
                role="button"
                tabindex="0"
                type="button"
                variant="subtle"
              >
                <span
                  class="styled__ContentWrapper-sc-3yq204-1 hvwmei"
                >
                  1 - 5 of 5
                  <svg
                    aria-hidden="true"
                    class="base__StyledIcon-sc-a9u0e1-0 JTaZW"
                    fill="currentColor"
                    height="24"
                    stroke="currentColor"
                    stroke-width="0"
                    viewBox="0 0 24 24"
                    width="24"
                  >
                    <path
                      d="M0 0h24v24H0z"
                      fill="none"
                    />
                    <path
                      d="m8.71 11.71 2.59 2.59c.39.39 1.02.39 1.41 0l2.59-2.59c.63-.63.18-1.71-.71-1.71H9.41c-.89 0-1.33 1.08-.7 1.71"
                    />
                  </svg>
                </span>
              </button>
              <div
                class="styled__StyledBox-sc-sj5f1m-0 jLTWhw"
                data-popper-escaped="true"
                data-popper-placement="bottom-start"
                data-popper-reference-hidden="true"
                display="none"
                forwardedref="[object Object]"
                style="position: fixed; left: 0px; top: 0px; right: auto; bottom: auto; transform: translate(0px, 4px);"
                zindex="popover"
              >
                <div
                  class="styled__StyledListOverflowWrapper-sc-5w3dcq-0 byLQBM"
                >
                  <ul
                    aria-labelledby="_r_1_-label"
                    class="styled__StyledList-sc-5w3dcq-1 frHGPd"
                    id="_r_1_-menu"
                    maxheight="250"
                    role="menu"
                  />
                </div>
              </div>
            </div>
          </div>
          <div
            alignself="auto"
            class="styled__StyledBox-sc-sj5f1m-0 gMCsUp styled__StyledFlexItem-sc-smjqtt-0 clMBje"
            flexbasis="auto"
            flexgrow="0"
            flexorder="0"
            flexshrink="1"
          >
            <button
              actiontype="normal"
              class="styled__StyledButton-sc-3yq204-0 jLChee styled__StyledButton-sc-ojm0si-0 iRUxzA"
              disabled=""
              icononly="[object Object]"
              mobilewidth="100%"
              type="button"
              variant="subtle"
            >
              <span
                class="styled__ContentWrapper-sc-3yq204-1 hvwmei"
              >
                <svg
                  aria-labelledby="_r_4_"
                  class="base__StyledIcon-sc-a9u0e1-0 dyVdwn"
                  fill="currentColor"
                  height="24"
                  stroke="currentColor"
                  stroke-width="0"
                  viewBox="0 0 24 24"
                  width="24"
                >
                  <title
                    id="_r_4_"
                  >
                    Previous page
                  </title>
                  <path
                    d="M0 0h24v24H0z"
                    fill="none"
                  />
                  <path
                    d="M14.71 6.71a.996.996 0 0 0-1.41 0L8.71 11.3a.996.996 0 0 0 0 1.41l4.59 4.59a.996.996 0 1 0 1.41-1.41L10.83 12l3.88-3.88c.39-.39.38-1.03 0-1.41"
                  />
                </svg>
              </span>
            </button>
            <button
              actiontype="normal"
              class="styled__StyledButton-sc-3yq204-0 jLChee styled__StyledButton-sc-ojm0si-0 iRUxzA"
              disabled=""
              icononly="[object Object]"
              mobilewidth="100%"
              type="button"
              variant="subtle"
            >
              <span
                class="styled__ContentWrapper-sc-3yq204-1 hvwmei"
              >
                <svg
                  aria-labelledby="_r_5_"
                  class="base__StyledIcon-sc-a9u0e1-0 dyVdwn"
                  fill="currentColor"
                  height="24"
                  stroke="currentColor"
                  stroke-width="0"
                  viewBox="0 0 24 24"
                  width="24"
                >
                  <title
                    id="_r_5_"
                  >
                    Next page
                  </title>
                  <path
                    d="M0 0h24v24H0z"
                    fill="none"
                  />
                  <path
                    d="M9.29 6.71a.996.996 0 0 0 0 1.41L13.17 12l-3.88 3.88a.996.996 0 1 0 1.41 1.41l4.59-4.59a.996.996 0 0 0 0-1.41L10.7 6.7c-.38-.38-1.02-.38-1.41.01"
                  />
                </svg>
              </span>
            </button>
          </div>
        </div>
      </div>
    </div>
    <table
      class="styled__StyledTable-sc-xns2ns-1 eXhNmj"
      id="_r_0_"
    >
      <thead
        class="styled__StyledTableHead-sc-1p8j1x-0"
      >
        <tr>
          <th
            class="styled__StyledTableHeaderCell-sc-1opnvtt-0 eEdbAz"
            id="header-cell-0"
            stickyheight="0"
          >
            <div
              align="left"
              aligncontent="stretch"
              alignitems="center"
              class="styled__StyledBox-sc-sj5f1m-0 gMCsUp styled__StyledFlex-sc-hcvk8l-0 bpqmVn styled__StyledFlex-sc-1opnvtt-2 ejPgyD"
              flexdirection="row"
              flexwrap="nowrap"
              justifycontent="flex-start"
            >
              Product name
            </div>
          </th>
          <th
            class="styled__StyledTableHeaderCell-sc-1opnvtt-0 eEdbAz"
            id="header-cell-1"
            stickyheight="0"
          >
            <div
              align="left"
              aligncontent="stretch"
              alignitems="center"
              class="styled__StyledBox-sc-sj5f1m-0 gMCsUp styled__StyledFlex-sc-hcvk8l-0 bpqmVn styled__StyledFlex-sc-1opnvtt-2 ejPgyD"
              flexdirection="row"
              flexwrap="nowrap"
              justifycontent="flex-start"
            >
              Stock
            </div>
          </th>
          <th
            class="styled__StyledTableHeaderCell-sc-1opnvtt-0 eEdbAz"
            id="header-cell-2"
            stickyheight="0"
          >
            <div
              align="left"
              aligncontent="stretch"
              alignitems="center"
              class="styled__StyledBox-sc-sj5f1m-0 gMCsUp styled__StyledFlex-sc-hcvk8l-0 bpqmVn styled__StyledFlex-sc-1opnvtt-2 ejPgyD"
              flexdirection="row"
              flexwrap="nowrap"
              justifycontent="flex-start"
            >
              Price
            </div>
          </th>
          <th
            class="styled__StyledTableHeaderCell-sc-1opnvtt-0 Igdsj"
            id="header-cell-3"
            stickyheight="0"
          >
            <div
              align="left"
              aligncontent="stretch"
              alignitems="center"
              class="styled__StyledBox-sc-sj5f1m-0 gMCsUp styled__StyledFlex-sc-hcvk8l-0 bpqmVn styled__StyledFlex-sc-1opnvtt-2 jnNfUE"
              flexdirection="row"
              flexwrap="nowrap"
              justifycontent="flex-start"
            >
              Action
            </div>
          </th>
        </tr>
      </thead>
      <tbody
        class="styled__StyledTableBody-sc-1bwe2hn-0"
      >
        <tr
          class="styled__StyledTableRow-sc-xq0hr0-0 ffKuX"
        >
          <td
            class="styled__StyledTableDataCell-sc-16y6nzi-0 hsNLdj"
          >
            <a
              href="/products/0"
            >
              <a
                class="styled__StyledLink-sc-n9mww9-0 ghjjqZ"
              >
                Product 0
              </a>
            </a>
          </td>
          <td
            class="styled__StyledTableDataCell-sc-16y6nzi-0 hsNLdj"
          >
            <p
              class="styled__StyledSmall-sc-tqnj75-6 copTfr"
              color="danger"
              marginbottom="none"
            >
              0
            </p>
          </td>
          <td
            class="styled__StyledTableDataCell-sc-16y6nzi-0 hsNLdj"
          >
            $10.00
          </td>
          <td
            class="styled__StyledTableDataCell-sc-16y6nzi-0 hsNLdj"
          >
            <div
              class="styled__StyledBox-sc-sj5f1m-0 gMCsUp styled__StyledBox-sc-2535c9-0 iMGovl"
            >
              <button
                actiontype="normal"
                aria-activedescendant=""
                aria-controls="_r_a_-menu"
                aria-expanded="false"
                aria-haspopup="menu"
                class="styled__StyledButton-sc-3yq204-0 jLChee bd-button"
                icononly="[object Object]"
                id="_r_a_-toggle-button"
                mobilewidth="100%"
                role="button"
                tabindex="0"
                variant="subtle"
              >
                <span
                  class="styled__ContentWrapper-sc-3yq204-1 hvwmei"
                >
                  <svg
                    aria-hidden="true"
                    class="base__StyledIcon-sc-a9u0e1-0 ddYuff"
                    color="secondary60"
                    fill="currentColor"
                    height="24"
                    stroke="currentColor"
                    stroke-width="0"
                    viewBox="0 0 24 24"
                    width="24"
                  >
                    <path
                      d="M0 0h24v24H0z"
                      fill="none"
                    />
                    <path
                      d="M6 10c-1.1 0-2 .9-2 2s.9 2 2 2 2-.9 2-2-.9-2-2-2m12 0c-1.1 0-2 .9-2 2s.9 2 2 2 2-.9 2-2-.9-2-2-2m-6 0c-1.1 0-2 .9-2 2s.9 2 2 2 2-.9 2-2-.9-2-2-2"
                    />
                  </svg>
                </span>
              </button>
              <div
                class="styled__StyledBox-sc-sj5f1m-0 jLTWhw"
                display="none"
                forwardedref="[object Object]"
                style="position: absolute; left: 0px; top: 0px;"
                zindex="popover"
              >
                <div
                  class="styled__StyledListOverflowWrapper-sc-5w3dcq-0 byLQBM"
                >
                  <ul
                    aria-labelledby="_r_a_-label"
                    class="styled__StyledList-sc-5w3dcq-1 frHGPd"
                    id="_r_a_-menu"
                    maxheight="250"
                    role="menu"
                  />
                </div>
              </div>
            </div>
          </td>
        </tr>
        <tr
          class="styled__StyledTableRow-sc-xq0hr0-0 ffKuX"
        >
          <td
            class="styled__StyledTableDataCell-sc-16y6nzi-0 hsNLdj"
          >
            <a
              href="/products/1"
            >
              <a
                class="styled__StyledLink-sc-n9mww9-0 ghjjqZ"
              >
                Product 1
              </a>
            </a>
          </td>
          <td
            class="styled__StyledTableDataCell-sc-16y6nzi-0 hsNLdj"
          >
            <p
              class="styled__StyledSmall-sc-tqnj75-6 copTfr"
              color="danger"
              marginbottom="none"
            >
              0
            </p>
          </td>
          <td
            class="styled__StyledTableDataCell-sc-16y6nzi-0 hsNLdj"
          >
            $20.00
          </td>
          <td
            class="styled__StyledTableDataCell-sc-16y6nzi-0 hsNLdj"
          >
            <div
              class="styled__StyledBox-sc-sj5f1m-0 gMCsUp styled__StyledBox-sc-2535c9-0 iMGovl"
            >
              <button
                actiontype="normal"
                aria-activedescendant=""
                aria-controls="_r_d_-menu"
                aria-expanded="false"
                aria-haspopup="menu"
                class="styled__StyledButton-sc-3yq204-0 jLChee bd-button"
                icononly="[object Object]"
                id="_r_d_-toggle-button"
                mobilewidth="100%"
                role="button"
                tabindex="0"
                variant="subtle"
              >
                <span
                  class="styled__ContentWrapper-sc-3yq204-1 hvwmei"
                >
                  <svg
                    aria-hidden="true"
                    class="base__StyledIcon-sc-a9u0e1-0 ddYuff"
                    color="secondary60"
                    fill="currentColor"
                    height="24"
                    stroke="currentColor"
                    stroke-width="0"
                    viewBox="0 0 24 24"
                    width="24"
                  >
                    <path
                      d="M0 0h24v24H0z"
                      fill="none"
                    />
                    <path
                      d="M6 10c-1.1 0-2 .9-2 2s.9 2 2 2 2-.9 2-2-.9-2-2-2m12 0c-1.1 0-2 .9-2 2s.9 2 2 2 2-.9 2-2-.9-2-2-2m-6 0c-1.1 0-2 .9-2 2s.9 2 2 2 2-.9 2-2-.9-2-2-2"
                    />
                  </svg>
                </span>
              </button>
              <div
                class="styled__StyledBox-sc-sj5f1m-0 jLTWhw"
                display="none"
                forwardedref="[object Object]"
                style="position: absolute; left: 0px; top: 0px;"
                zindex="popover"
              >
                <div
                  class="styled__StyledListOverflowWrapper-sc-5w3dcq-0 byLQBM"
                >
                  <ul
                    aria-labelledby="_r_d_-label"
                    class="styled__StyledList-sc-5w3dcq-1 frHGPd"
                    id="_r_d_-menu"
                    maxheight="250"
                    role="menu"
                  />
                </div>
              </div>
            </div>
          </td>
        </tr>
        <tr
          class="styled__StyledTableRow-sc-xq0hr0-0 ffKuX"
        >
          <td
            class="styled__StyledTableDataCell-sc-16y6nzi-0 hsNLdj"
          >
            <a
              href="/products/2"
            >
              <a
                class="styled__StyledLink-sc-n9mww9-0 ghjjqZ"
              >
                Product 2
              </a>
            </a>
          </td>
          <td
            class="styled__StyledTableDataCell-sc-16y6nzi-0 hsNLdj"
          >
            <p
              class="styled__StyledSmall-sc-tqnj75-6 copTfr"
              color="danger"
              marginbottom="none"
            >
              0
            </p>
          </td>
          <td
            class="styled__StyledTableDataCell-sc-16y6nzi-0 hsNLdj"
          >
            $30.00
          </td>
          <td
            class="styled__StyledTableDataCell-sc-16y6nzi-0 hsNLdj"
          >
            <div
              class="styled__StyledBox-sc-sj5f1m-0 gMCsUp styled__StyledBox-sc-2535c9-0 iMGovl"
            >
              <button
                actiontype="normal"
                aria-activedescendant=""
                aria-controls="_r_g_-menu"
                aria-expanded="false"
                aria-haspopup="menu"
                class="styled__StyledButton-sc-3yq204-0 jLChee bd-button"
                icononly="[object Object]"
                id="_r_g_-toggle-button"
                mobilewidth="100%"
                role="button"
                tabindex="0"
                variant="subtle"
              >
                <span
                  class="styled__ContentWrapper-sc-3yq204-1 hvwmei"
                >
                  <svg
                    aria-hidden="true"
                    class="base__StyledIcon-sc-a9u0e1-0 ddYuff"
                    color="secondary60"
                    fill="currentColor"
                    height="24"
                    stroke="currentColor"
                    stroke-width="0"
                    viewBox="0 0 24 24"
                    width="24"
                  >
                    <path
                      d="M0 0h24v24H0z"
                      fill="none"
                    />
                    <path
                      d="M6 10c-1.1 0-2 .9-2 2s.9 2 2 2 2-.9 2-2-.9-2-2-2m12 0c-1.1 0-2 .9-2 2s.9 2 2 2 2-.9 2-2-.9-2-2-2m-6 0c-1.1 0-2 .9-2 2s.9 2 2 2 2-.9 2-2-.9-2-2-2"
                    />
                  </svg>
                </span>
              </button>
              <div
                class="styled__StyledBox-sc-sj5f1m-0 jLTWhw"
                display="none"
                forwardedref="[object Object]"
                style="position: absolute; left: 0px; top: 0px;"
                zindex="popover"
              >
                <div
                  class="styled__StyledListOverflowWrapper-sc-5w3dcq-0 byLQBM"
                >
                  <ul
                    aria-labelledby="_r_g_-label"
                    class="styled__StyledList-sc-5w3dcq-1 frHGPd"
                    id="_r_g_-menu"
                    maxheight="250"
                    role="menu"
                  />
                </div>
              </div>
            </div>
          </td>
        </tr>
        <tr
          class="styled__StyledTableRow-sc-xq0hr0-0 ffKuX"
        >
          <td
            class="styled__StyledTableDataCell-sc-16y6nzi-0 hsNLdj"
          >
            <a
              href="/products/3"
            >
              <a
                class="styled__StyledLink-sc-n9mww9-0 ghjjqZ"
              >
                Product 3
              </a>
            </a>
          </td>
          <td
            class="styled__StyledTableDataCell-sc-16y6nzi-0 hsNLdj"
          >
            <p
              class="styled__StyledSmall-sc-tqnj75-6 copTfr"
              color="danger"
              marginbottom="none"
            >
              0
            </p>
          </td>
          <td
            class="styled__StyledTableDataCell-sc-16y6nzi-0 hsNLdj"
          >
            $40.00
          </td>
          <td
            class="styled__StyledTableDataCell-sc-16y6nzi-0 hsNLdj"
          >
            <div
              class="styled__StyledBox-sc-sj5f1m-0 gMCsUp styled__StyledBox-sc-2535c9-0 iMGovl"
            >
              <button
                actiontype="normal"
                aria-activedescendant=""
                aria-controls="_r_j_-menu"
                aria-expanded="false"
                aria-haspopup="menu"
                class="styled__StyledButton-sc-3yq204-0 jLChee bd-button"
                icononly="[object Object]"
                id="_r_j_-toggle-button"
                mobilewidth="100%"
                role="button"
                tabindex="0"
                variant="subtle"
              >
                <span
                  class="styled__ContentWrapper-sc-3yq204-1 hvwmei"
                >
                  <svg
                    aria-hidden="true"
                    class="base__StyledIcon-sc-a9u0e1-0 ddYuff"
                    color="secondary60"
                    fill="currentColor"
                    height="24"
                    stroke="currentColor"
                    stroke-width="0"
                    viewBox="0 0 24 24"
                    width="24"
                  >
                    <path
                      d="M0 0h24v24H0z"
                      fill="none"
                    />
                    <path
                      d="M6 10c-1.1 0-2 .9-2 2s.9 2 2 2 2-.9 2-2-.9-2-2-2m12 0c-1.1 0-2 .9-2 2s.9 2 2 2 2-.9 2-2-.9-2-2-2m-6 0c-1.1 0-2 .9-2 2s.9 2 2 2 2-.9 2-2-.9-2-2-2"
                    />
                  </svg>
                </span>
              </button>
              <div
                class="styled__StyledBox-sc-sj5f1m-0 jLTWhw"
                display="none"
                forwardedref="[object Object]"
                style="position: absolute; left: 0px; top: 0px;"
                zindex="popover"
              >
                <div
                  class="styled__StyledListOverflowWrapper-sc-5w3dcq-0 byLQBM"
                >
                  <ul
                    aria-labelledby="_r_j_-label"
                    class="styled__StyledList-sc-5w3dcq-1 frHGPd"
                    id="_r_j_-menu"
                    maxheight="250"
                    role="menu"
                  />
                </div>
              </div>
            </div>
          </td>
        </tr>
        <tr
          class="styled__StyledTableRow-sc-xq0hr0-0 ffKuX"
        >
          <td
            class="styled__StyledTableDataCell-sc-16y6nzi-0 hsNLdj"
          >
            <a
              href="/products/4"
            >
              <a
                class="styled__StyledLink-sc-n9mww9-0 ghjjqZ"
              >
                Product 4
              </a>
            </a>
          </td>
          <td
            class="styled__StyledTableDataCell-sc-16y6nzi-0 hsNLdj"
          >
            <p
              class="styled__StyledSmall-sc-tqnj75-6 copTfr"
              color="danger"
              marginbottom="none"
            >
              0
            </p>
          </td>
          <td
            class="styled__StyledTableDataCell-sc-16y6nzi-0 hsNLdj"
          >
            $50.00
          </td>
          <td
            class="styled__StyledTableDataCell-sc-16y6nzi-0 hsNLdj"
          >
            <div
              class="styled__StyledBox-sc-sj5f1m-0 gMCsUp styled__StyledBox-sc-2535c9-0 iMGovl"
            >
              <button
                actiontype="normal"
                aria-activedescendant=""
                aria-controls="_r_m_-menu"
                aria-expanded="false"
                aria-haspopup="menu"
                class="styled__StyledButton-sc-3yq204-0 jLChee bd-button"
                icononly="[object Object]"
                id="_r_m_-toggle-button"
                mobilewidth="100%"
                role="button"
                tabindex="0"
                variant="subtle"
              >
                <span
                  class="styled__ContentWrapper-sc-3yq204-1 hvwmei"
                >
                  <svg
                    aria-hidden="true"
                    class="base__StyledIcon-sc-a9u0e1-0 ddYuff"
                    color="secondary60"
                    fill="currentColor"
                    height="24"
                    stroke="currentColor"
                    stroke-width="0"
                    viewBox="0 0 24 24"
                    width="24"
                  >
                    <path
                      d="M0 0h24v24H0z"
                      fill="none"
                    />
                    <path
                      d="M6 10c-1.1 0-2 .9-2 2s.9 2 2 2 2-.9 2-2-.9-2-2-2m12 0c-1.1 0-2 .9-2 2s.9 2 2 2 2-.9 2-2-.9-2-2-2m-6 0c-1.1 0-2 .9-2 2s.9 2 2 2 2-.9 2-2-.9-2-2-2"
                    />
                  </svg>
                </span>
              </button>
              <div
                class="styled__StyledBox-sc-sj5f1m-0 jLTWhw"
                display="none"
                forwardedref="[object Object]"
                style="position: absolute; left: 0px; top: 0px;"
                zindex="popover"
              >
                <div
                  class="styled__StyledListOverflowWrapper-sc-5w3dcq-0 byLQBM"
                >
                  <ul
                    aria-labelledby="_r_m_-label"
                    class="styled__StyledList-sc-5w3dcq-1 frHGPd"
                    id="_r_m_-menu"
                    maxheight="250"
                    role="menu"
                  />
                </div>
              </div>
            </div>
          </td>
        </tr>
      </tbody>
    </table>
  </div>
</div>
`;
